
> music-website@0.1.0 dev
> next dev --hostname 127.0.0.1 --port 3000

▲ Next.js 16.1.6 (Turbopack)
- Local:         http://127.0.0.1:3000
- Network:       http://127.0.0.1:3000
- Environments: .env.local

✓ Starting...
✓ Ready in 303ms
 GET /friends 200 in 1188ms (compile: 1029ms, render: 158ms)
📣 CLIENT ERROR REPORT: {
  "type": "console.error",
  "args": [
    "Failed loading playlists",
    {
      "code": "permission-denied",
      "name": "FirebaseError"
    }
  ]
}
 POST /api/client-error 200 in 109ms (compile: 102ms, render: 7ms)
 HEAD / 200 in 215ms (compile: 197ms, render: 18ms)
 GET /profile 200 in 164ms (compile: 156ms, render: 8ms)
 GET /about 200 in 172ms (compile: 166ms, render: 6ms)
 GET /friends 200 in 18ms (compile: 4ms, render: 15ms)
📣 CLIENT ERROR REPORT: {
  "type": "console.error",
  "args": [
    "Failed loading playlists",
    {
      "code": "permission-denied",
      "name": "FirebaseError"
    }
  ]
}
 POST /api/client-error 200 in 10ms (compile: 3ms, render: 7ms)
 GET /manage 200 in 152ms (compile: 145ms, render: 6ms)
 GET /playlists 200 in 149ms (compile: 144ms, render: 5ms)
 GET / 200 in 15ms (compile: 2ms, render: 13ms)
 GET /about 200 in 20ms (compile: 4ms, render: 16ms)
 GET /friends 200 in 20ms (compile: 10ms, render: 10ms)
📣 CLIENT ERROR REPORT: {
  "type": "console.error",
  "args": [
    "Failed loading playlists",
    {
      "code": "permission-denied",
      "name": "FirebaseError"
    }
  ]
}
 POST /api/client-error 200 in 8ms (compile: 3ms, render: 6ms)
 GET /playlists 200 in 17ms (compile: 3ms, render: 14ms)
 GET /manage 200 in 18ms (compile: 3ms, render: 14ms)
📣 CLIENT ERROR REPORT: {
  "type": "console.error",
  "args": [
    "Failed loading playlists",
    {
      "code": "permission-denied",
      "name": "FirebaseError"
    }
  ]
}
 POST /api/client-error 200 in 8ms (compile: 2ms, render: 5ms)
 GET / 200 in 15ms (compile: 4ms, render: 11ms)
📣 CLIENT ERROR REPORT: {
  "type": "console.error",
  "args": [
    "Failed loading playlists",
    {
      "code": "permission-denied",
      "name": "FirebaseError"
    }
  ]
}
 POST /api/client-error 200 in 10ms (compile: 3ms, render: 7ms)
📣 CLIENT ERROR REPORT: {
  "type": "console.error",
  "args": [
    "Failed loading playlists",
    {
      "code": "permission-denied",
      "name": "FirebaseError"
    }
  ]
}
 POST /api/client-error 200 in 7ms (compile: 1658µs, render: 5ms)
📣 CLIENT ERROR REPORT: {
  "type": "console.error",
  "args": [
    "Failed loading playlists",
    {
      "code": "permission-denied",
      "name": "FirebaseError"
    }
  ]
}
 POST /api/client-error 200 in 6ms (compile: 1972µs, render: 4ms)
📣 CLIENT ERROR REPORT: {
  "type": "console.error",
  "args": [
    "Failed loading playlists",
    {
      "code": "permission-denied",
      "name": "FirebaseError"
    }
  ]
}
 POST /api/client-error 200 in 8ms (compile: 3ms, render: 5ms)
 GET / 200 in 8ms (compile: 1189µs, render: 6ms)
📣 CLIENT ERROR REPORT: {
  "type": "console.error",
  "args": [
    "Failed loading playlists",
    {
      "code": "permission-denied",
      "name": "FirebaseError"
    }
  ]
}
 POST /api/client-error 200 in 4ms (compile: 987µs, render: 3ms)
📣 CLIENT ERROR REPORT: {
  "type": "console.error",
  "args": [
    "Failed loading playlists",
    {
      "code": "permission-denied",
      "name": "FirebaseError"
    }
  ]
}
 POST /api/client-error 200 in 9ms (compile: 3ms, render: 6ms)
📣 CLIENT ERROR REPORT: {
  "type": "console.error",
  "args": [
    "Failed loading playlists",
    {
      "code": "permission-denied",
      "name": "FirebaseError"
    }
  ]
}
 POST /api/client-error 200 in 7ms (compile: 3ms, render: 4ms)
📣 CLIENT ERROR REPORT: {
  "type": "console.error",
  "args": [
    "Failed loading playlists",
    {
      "code": "permission-denied",
      "name": "FirebaseError"
    }
  ]
}
 POST /api/client-error 200 in 5ms (compile: 1907µs, render: 3ms)
📣 CLIENT ERROR REPORT: {
  "type": "console.error",
  "args": [
    "Failed loading playlists",
    {
      "code": "permission-denied",
      "name": "FirebaseError"
    }
  ]
}
 POST /api/client-error 200 in 3ms (compile: 1001µs, render: 1657µs)
✓ Compiled in 40ms
✓ Compiled in 17ms
 GET / 200 in 41ms (compile: 5ms, render: 36ms)
📣 CLIENT ERROR REPORT: {
  "type": "console.error",
  "args": [
    "Failed loading playlists",
    {
      "code": "permission-denied",
      "name": "FirebaseError"
    }
  ]
}
 POST /api/client-error 200 in 8ms (compile: 2ms, render: 5ms)
 GET /profile 200 in 71ms (compile: 60ms, render: 11ms)
✓ Compiled in 16ms
✓ Compiled in 22ms
✓ Compiled in 18ms
✓ Compiled in 14ms
✓ Compiled in 34ms
